---
source: systeroid-tui/tests/integration_test.rs
expression: terminal.backend()
---
"╭Parameters─────────────────────|user|─╮"
"│user.name system                      │"
"│                                      │"
"│                                      │"
"│                                      │"
"│                                      │"
"│                                      │"
"│                                      │"
"│                                  1/1 │"
"╰──────────────────────────────────────╯"
