---
source: systeroid-tui/tests/integration_test.rs
expression: terminal.backend()
snapshot_kind: text
---
"╭Parameters──|all|─╮╭──Documentation───╮"
"│kernel.fictional. ↑│Test Parameter    │"
"│vm.stat_interval  █│==============    │"
"│                  █│This is a         │"
"│                  █│fictional         │"
"│                  ↓│parameter for     │"
"╰──────────────────╯│testing           │"
"╭──────────────────╮│-                 │"
"│/_                ││Parameter:    1/2 │"
"╰──────────────────╯╰──────────────────╯"
